student@T6:~$ cd Documents
student@T6:~/Documents$ git init mca
Initialized empty Git repository in /home/student/Documents/mca/.git/
student@T6:~/Documents$ cd mca
student@T6:~/Documents/mca$ git add one.java
student@T6:~/Documents/mca$ git config --global user.email "anjumathew533@gmail.com"
student@T6:~/Documents/mca$ git config -- global user.name "anjupm2020"
error: key does not contain a section: global
student@T6:~/Documents/mca$ git config --global user.name "anjupm2020"
student@T6:~/Documents/mca$ git commit -m "my new project"
[master (root-commit) 8cb1937] my new project
 1 file changed, 7 insertions(+)
 create mode 100644 one.java
student@T6:~/Documents/mca$ git remote add origin https://github.com/anjupm2020/sample1.git
student@T6:~/Documents/mca$ git push origin master
Username for 'https://github.com': anjupm2020
Password for 'https://anjupm2020@github.com': 
remote: Invalid username or password.
fatal: Authentication failed for 'https://github.com/anjupm2020/sample1.git/'
student@T6:~/Documents/mca$ git push origin master
Username for 'https://github.com': anjupm2020
Password for 'https://anjupm2020@github.com': 
Counting objects: 3, done.
Delta compression using up to 4 threads.
Compressing objects: 100% (2/2), done.
Writing objects: 100% (3/3), 314 bytes | 314.00 KiB/s, done.
Total 3 (delta 0), reused 0 (delta 0)
To https://github.com/anjupm2020/sample1.git
 * [new branch]      master -> master
student@T6:~/Documents/mca$ git status
On branch master
nothing to commit, working tree clean
student@T6:~/Documents/mca$ git branch newbr
student@T6:~/Documents/mca$ git checkout newbr
Switched to branch 'newbr'
student@T6:~/Documents/mca$ gedit s.java
student@T6:~/Documents/mca$ git add s.java
student@T6:~/Documents/mca$ git commit -m "this is my new file"
[newbr 1d04588] this is my new file
 1 file changed, 7 insertions(+)
 create mode 100644 s.java
student@T6:~/Documents/mca$ git remote add origin https://github.com/anjupm2020/sample1
fatal: remote origin already exists.
student@T6:~/Documents/mca$ git remote add org https://github.com/anjupm2020/sample1
student@T6:~/Documents/mca$ git push origin newbr 
Username for 'https://github.com': anjupm2020
Password for 'https://anjupm2020@github.com': 
remote: Invalid username or password.
fatal: Authentication failed for 'https://github.com/anjupm2020/sample1.git/'
student@T6:~/Documents/mca$ git push origin newbr 
Username for 'https://github.com': anjupm2020
Password for 'https://anjupm2020@github.com': 
Counting objects: 3, done.
Delta compression using up to 4 threads.
Compressing objects: 100% (3/3), done.
Writing objects: 100% (3/3), 361 bytes | 361.00 KiB/s, done.
Total 3 (delta 0), reused 0 (delta 0)
remote: 
remote: Create a pull request for 'newbr' on GitHub by visiting:
remote:      https://github.com/anjupm2020/sample1/pull/new/newbr
remote: 
To https://github.com/anjupm2020/sample1.git
 * [new branch]      newbr -> newbr
student@T6:~/Documents/mca$ git status
On branch newbr
nothing to commit, working tree clean
student@T6:~/Documents/mca$ git clone https://github.com/anjupm2020/sample1/tree/newbr
Cloning into 'newbr'...
fatal: repository 'https://github.com/anjupm2020/sample1/tree/newbr/' not found
student@T6:~/Documents/mca$ git clone https://github.com/anjupm2020/sample1/tree/newbr.git
Cloning into 'newbr'...
fatal: repository 'https://github.com/anjupm2020/sample1/tree/newbr.git/' not found
student@T6:~/Documents/mca$ git clone https://github.com/anjupm2020/newgit.git
Cloning into 'newgit'...
Username for 'https://github.com': anjupm2020
Password for 'https://anjupm2020@github.com': 
warning: You appear to have cloned an empty repository.
student@T6:~/Documents/mca$ git pull origin newbr
Username for 'https://github.com': anjupm2020
Password for 'https://anjupm2020@github.com': 
remote: Enumerating objects: 5, done.
remote: Counting objects: 100% (5/5), done.
remote: Compressing objects: 100% (3/3), done.
remote: Total 3 (delta 1), reused 0 (delta 0), pack-reused 0
Unpacking objects: 100% (3/3), done.
From https://github.com/anjupm2020/sample1
 * branch            newbr      -> FETCH_HEAD
   1d04588..36d67bd  newbr      -> origin/newbr
Updating 1d04588..36d67bd
Fast-forward
 s.java | 2 +-
 1 file changed, 1 insertion(+), 1 deletion(-)
student@T6:~/Documents/mca$ git pull origin newbr
Username for 'https://github.com': anjupm2020
Password for 'https://anjupm2020@github.com': 
remote: Enumerating objects: 5, done.
remote: Counting objects: 100% (5/5), done.
remote: Compressing objects: 100% (3/3), done.
remote: Total 3 (delta 1), reused 0 (delta 0), pack-reused 0
Unpacking objects: 100% (3/3), done.
From https://github.com/anjupm2020/sample1
 * branch            newbr      -> FETCH_HEAD
   36d67bd..0fa6ed7  newbr      -> origin/newbr
Updating 36d67bd..0fa6ed7
error: Your local changes to the following files would be overwritten by merge:
	s.java
Please commit your changes or stash them before you merge.
Aborting
student@T6:~/Documents/mca$ git pull origin newbr
Username for 'https://github.com': anjupm2020
Password for 'https://anjupm2020@github.com': 
remote: Enumerating objects: 5, done.
remote: Counting objects: 100% (5/5), done.
remote: Compressing objects: 100% (3/3), done.
remote: Total 3 (delta 1), reused 0 (delta 0), pack-reused 0
Unpacking objects: 100% (3/3), done.
From https://github.com/anjupm2020/sample1
 * branch            newbr      -> FETCH_HEAD
   0fa6ed7..1e5a730  newbr      -> origin/newbr
Updating 36d67bd..1e5a730
Fast-forward
student@T6:~/Documents/mca$ git status
On branch newbr
Changes not staged for commit:
  (use "git add <file>..." to update what will be committed)
  (use "git checkout -- <file>..." to discard changes in working directory)

	modified:   s.java

no changes added to commit (use "git add" and/or "git commit -a")
student@T6:~/Documents/mca$ gedit s.java
student@T6:~/Documents/mca$ gedit sss.java
student@T6:~/Documents/mca$ git add sss.java
student@T6:~/Documents/mca$ git commit -m "new file"
[newbr a97a72f] new file
 1 file changed, 7 insertions(+)
student@T6:~/Documents/mca$ git  remote add orgin  https://github.com/anjupm2020/sample1/blob/newbr.git
student@T6:~/Documents/mca$ git push origin newbr
Username for 'https://github.com': anjupm2020
Password for 'https://anjupm2020@github.com': 
Counting objects: 3, done.
Delta compression using up to 4 threads.
Compressing objects: 100% (3/3), done.
Writing objects: 100% (3/3), 378 bytes | 378.00 KiB/s, done.
Total 3 (delta 0), reused 0 (delta 0)
To https://github.com/anjupm2020/sample1.git
   1e5a730..a97a72f  newbr -> newbr
student@T6:~/Documents/mca$ git pull origin newbr
Username for 'https://github.com': anjupm2020
Password for 'https://anjupm2020@github.com': 
remote: Enumerating objects: 5, done.
remote: Counting objects: 100% (5/5), done.
remote: Compressing objects: 100% (3/3), done.
remote: Total 3 (delta 2), reused 0 (delta 0), pack-reused 0
Unpacking objects: 100% (3/3), done.
From https://github.com/anjupm2020/sample1
 * branch            newbr      -> FETCH_HEAD
   a97a72f..7ec0db6  newbr      -> origin/newbr
Updating a97a72f..7ec0db6
Fast-forward
 sss.java | 2 +-
 1 file changed, 1 insertion(+), 1 deletion(-)
student@T6:~/Documents/mca$ gedit sss.java
student@T6:~/Documents/mca$ git pull origin newbr
Username for 'https://github.com': anjupm2020
Password for 'https://anjupm2020@github.com': 
remote: Enumerating objects: 5, done.
remote: Counting objects: 100% (5/5), done.
remote: Compressing objects: 100% (3/3), done.
remote: Total 3 (delta 2), reused 0 (delta 0), pack-reused 0
Unpacking objects: 100% (3/3), done.
From https://github.com/anjupm2020/sample1
 * branch            newbr      -> FETCH_HEAD
   7ec0db6..cb8fd20  newbr      -> origin/newbr
Updating 7ec0db6..cb8fd20
Fast-forward
 sss.java | 2 +-
 1 file changed, 1 insertion(+), 1 deletion(-)
student@T6:~/Documents/mca$ 

