student@T6:~$ cd ajce
student@T6:~/ajce$ cd mca
student@T6:~/ajce/mca$ cd rmca
student@T6:~/ajce/mca/rmca$ ls
a1.txt  b1  bb  b.txt  dir  f1  f2  f3  g  p.txt  t.txt  x.txt  z.txt
student@T6:~/ajce/mca/rmca$ cat >h
^C
student@T6:~/ajce/mca/rmca$ head h
It is the complementary of Tail command. 
The head command, as the name implies, print the top N number of data of the given input. 
By default it prints the first 10 lines of the specified files. 
If more than one file name is provided then data from each file is precedes by its file name.
Andhra Pradesh
Arunachal Pradesh
Assam
Bihar
Chhattisgarh
Goa
student@T6:~/ajce/mca/rmca$ head -5 h
It is the complementary of Tail command. 
The head command, as the name implies, print the top N number of data of the given input. 
By default it prints the first 10 lines of the specified files. 
If more than one file name is provided then data from each file is precedes by its file name.
Andhra Pradesh
student@T6:~/ajce/mca/rmca$ head  h a1.txt
==> h <==
It is the complementary of Tail command. 
The head command, as the name implies, print the top N number of data of the given input. 
By default it prints the first 10 lines of the specified files. 
If more than one file name is provided then data from each file is precedes by its file name.
Andhra Pradesh
Arunachal Pradesh
Assam
Bihar
Chhattisgarh
Goa

==> a1.txt <==
h,ai|	hello
s,dsu |dfs fuy dg fd sgh fh	gh	uuideduyewftuyge 	sbs
jdgf,yhs |fyds hdj hd
12345,67890
student@T6:~/ajce/mca/rmca$ head -n 3 h a1.txt
==> h <==
It is the complementary of Tail command. 
The head command, as the name implies, print the top N number of data of the given input. 
By default it prints the first 10 lines of the specified files. 

==> a1.txt <==
h,ai|	hello
s,dsu |dfs fuy dg fd sgh fh	gh	uuideduyewftuyge 	sbs
jdgf,yhs |fyds hdj hd
student@T6:~/ajce/mca/rmca$ head -c 3 h a1.txt
==> h <==
It 
==> a1.txt <==
h,astudent@T6:~/ajce/mca/rmca$ head a1.txt
h,ai|	hello
s,dsu |dfs fuy dg fd sgh fh	gh	uuideduyewftuyge 	sbs
jdgf,yhs |fyds hdj hd
12345,67890
student@T6:~/ajce/mca/rmca$ head b.txt
hai
hello
student@T6:~/ajce/mca/rmca$ head -n 2 a.txt h
head: cannot open 'a.txt' for reading: No such file or directory
==> h <==
It is the complementary of Tail command. 
The head command, as the name implies, print the top N number of data of the given input. 
student@T6:~/ajce/mca/rmca$ head -q  a.txt h
head: cannot open 'a.txt' for reading: No such file or directory
It is the complementary of Tail command. 
The head command, as the name implies, print the top N number of data of the given input. 
By default it prints the first 10 lines of the specified files. 
If more than one file name is provided then data from each file is precedes by its file name.
Andhra Pradesh
Arunachal Pradesh
Assam
Bihar
Chhattisgarh
Goa
student@T6:~/ajce/mca/rmca$ head -v  a.txt h
head: cannot open 'a.txt' for reading: No such file or directory
==> h <==
It is the complementary of Tail command. 
The head command, as the name implies, print the top N number of data of the given input. 
By default it prints the first 10 lines of the specified files. 
If more than one file name is provided then data from each file is precedes by its file name.
Andhra Pradesh
Arunachal Pradesh
Assam
Bihar
Chhattisgarh
Goa
student@T6:~/ajce/mca/rmca$ head -q  a.txt h
head: cannot open 'a.txt' for reading: No such file or directory
It is the complementary of Tail command. 
The head command, as the name implies, print the top N number of data of the given input. 
By default it prints the first 10 lines of the specified files. 
If more than one file name is provided then data from each file is precedes by its file name.
Andhra Pradesh
Arunachal Pradesh
Assam
Bihar
Chhattisgarh
Goa
student@T6:~/ajce/mca/rmca$ tail h
Jharkhand
Karnataka
Kerala
Madhya Pradesh
Maharashtra
Manipur
Meghalaya
Mizoram
Nagaland
Odisha
student@T6:~/ajce/mca/rmca$ head -n 20 h |tail -10
Gujarat
Haryana
Himachal Pradesh
Jammu and Kashmir
Jharkhand
Karnataka
Kerala
Madhya Pradesh
Maharashtra
Manipur
student@T6:~/ajce/mca/rmca$ head -n 10 h |tail -5
Arunachal Pradesh
Assam
Bihar
Chhattisgarh
Goa
student@T6:~/ajce/mca/rmca$ head -n 10 h |tail -1
Goa
student@T6:~/ajce/mca/rmca$ cat h
Andhra Pradesh
Arunachal Pradesh
Assam
Bihar
Chhattisgarh
Goa
Gujarat
Haryana
Himachal Pradesh
Jammu and Kashmir
Jharkhand
Karnataka
Kerala
Madhya Pradesh
Maharashtra
Manipur
Meghalaya
Mizoram
Nagaland
Odisha
Punjab
Rajasthan
Sikkim
Tamil Nadu
Telangana
Tripura
Uttar Pradesh
Uttarakhand
West Bengal
student@T6:~/ajce/mca/rmca$ head h
Andhra Pradesh
Arunachal Pradesh
Assam
Bihar
Chhattisgarh
Goa
Gujarat
Haryana
Himachal Pradesh
Jammu and Kashmir
student@T6:~/ajce/mca/rmca$ head n -4 h
head: invalid trailing option -- 4
Try 'head --help' for more information.
student@T6:~/ajce/mca/rmca$ head -n 4 h
Andhra Pradesh
Arunachal Pradesh
Assam
Bihar
student@T6:~/ajce/mca/rmca$ head -c 3 h a1.txt
==> h <==
And
==> a1.txt <==
h,astudent@T6:~/ajce/mca/rmca$ head -v h a1.txt
==> h <==
Andhra Pradesh
Arunachal Pradesh
Assam
Bihar
Chhattisgarh
Goa
Gujarat
Haryana
Himachal Pradesh
Jammu and Kashmir

==> a1.txt <==
h,ai|	hello
s,dsu |dfs fuy dg fd sgh fh	gh	uuideduyewftuyge 	sbs
jdgf,yhs |fyds hdj hd
12345,67890
student@T6:~/ajce/mca/rmca$ tail h
Odisha
Punjab
Rajasthan
Sikkim
Tamil Nadu
Telangana
Tripura
Uttar Pradesh
Uttarakhand
West Bengal
student@T6:~/ajce/mca/rmca$ tail -n 4
h
^C
student@T6:~/ajce/mca/rmca$ tail -n 4 h
Tripura
Uttar Pradesh
Uttarakhand
West Bengal
student@T6:~/ajce/mca/rmca$ tail +6 h
Goa
Gujarat
Haryana
Himachal Pradesh
Jammu and Kashmir
Jharkhand
Karnataka
Kerala
Madhya Pradesh
Maharashtra
Manipur
Meghalaya
Mizoram
Nagaland
Odisha
Punjab
Rajasthan
Sikkim
Tamil Nadu
Telangana
Tripura
Uttar Pradesh
Uttarakhand
West Bengal
student@T6:~/ajce/mca/rmca$ head +6 h
head: cannot open '+6' for reading: No such file or directory
==> h <==
Andhra Pradesh
Arunachal Pradesh
Assam
Bihar
Chhattisgarh
Goa
Gujarat
Haryana
Himachal Pradesh
Jammu and Kashmir
student@T6:~/ajce/mca/rmca$ tail h
Odisha
Punjab
Rajasthan
Sikkim
Tamil Nadu
Telangana
Tripura
Uttar Pradesh
Uttarakhand
West Bengal
student@T6:~/ajce/mca/rmca$ tail -n 3 h
Uttar Pradesh
Uttarakhand
West Bengal
student@T6:~/ajce/mca/rmca$ tail -c 3 h
al
student@T6:~/ajce/mca/rmca$ tail -c 6 h
engal
student@T6:~/ajce/mca/rmca$ tail -c 7 h
Bengal
student@T6:~/ajce/mca/rmca$ tail -n 7 h |sort -r
West Bengal
Uttar Pradesh
Uttarakhand
Tripura
Telangana
Tamil Nadu
Sikkim
student@T6:~/ajce/mca/rmca$ tail +5 h
Chhattisgarh
Goa
Gujarat
Haryana
Himachal Pradesh
Jammu and Kashmir
Jharkhand
Karnataka
Kerala
Madhya Pradesh
Maharashtra
Manipur
Meghalaya
Mizoram
Nagaland
Odisha
Punjab
Rajasthan
Sikkim
Tamil Nadu
Telangana
Tripura
Uttar Pradesh
Uttarakhand
West Bengal
student@T6:~/ajce/mca/rmca$ head +5 h
head: cannot open '+5' for reading: No such file or directory
==> h <==
Andhra Pradesh
Arunachal Pradesh
Assam
Bihar
Chhattisgarh
Goa
Gujarat
Haryana
Himachal Pradesh
Jammu and Kashmir
student@T6:~/ajce/mca/rmca$ head +5 h
head: cannot open '+5' for reading: No such file or directory
==> h <==
Andhra Pradesh
Arunachal Pradesh
Assam
Bihar
Chhattisgarh
Goa
Gujarat
Haryana
Himachal Pradesh
Jammu and Kashmir
student@T6:~/ajce/mca/rmca$ head + 5 h
head: cannot open '+' for reading: No such file or directory
head: cannot open '5' for reading: No such file or directory
==> h <==
Andhra Pradesh
Arunachal Pradesh
Assam
Bihar
Chhattisgarh
Goa
Gujarat
Haryana
Himachal Pradesh
Jammu and Kashmir
student@T6:~/ajce/mca/rmca$ head -n 20 h | tail -15
Goa
Gujarat
Haryana
Himachal Pradesh
Jammu and Kashmir
Jharkhand
Karnataka
Kerala
Madhya Pradesh
Maharashtra
Manipur
Meghalaya
Mizoram
Nagaland
Odisha
student@T6:~/ajce/mca/rmca$ head -n 20 h | tail -5
Manipur
Meghalaya
Mizoram
Nagaland
Odisha
student@T6:~/ajce/mca/rmca$ ^C
student@T6:~/ajce/mca/rmca$ 

